Archive member included because of file (symbol)

c:/program files (x86)/atmel/atmel studio 6.0/extensions/atmel/avrgcc/3.4.1.95/avrtoolchain/bin/../lib/gcc/avr/4.6.2/../../../../avr/lib/avr5\libm.a(cmpsf2.o)
                              Function.o (__ltsf2)
c:/program files (x86)/atmel/atmel studio 6.0/extensions/atmel/avrgcc/3.4.1.95/avrtoolchain/bin/../lib/gcc/avr/4.6.2/../../../../avr/lib/avr5\libm.a(fixunssfsi.o)
                              TimerPWM.o (__fixunssfsi)
c:/program files (x86)/atmel/atmel studio 6.0/extensions/atmel/avrgcc/3.4.1.95/avrtoolchain/bin/../lib/gcc/avr/4.6.2/../../../../avr/lib/avr5\libm.a(floatsisf.o)
                              Function.o (__floatsisf)
c:/program files (x86)/atmel/atmel studio 6.0/extensions/atmel/avrgcc/3.4.1.95/avrtoolchain/bin/../lib/gcc/avr/4.6.2/../../../../avr/lib/avr5\libm.a(fp_cmp.o)
                              c:/program files (x86)/atmel/atmel studio 6.0/extensions/atmel/avrgcc/3.4.1.95/avrtoolchain/bin/../lib/gcc/avr/4.6.2/../../../../avr/lib/avr5\libm.a(cmpsf2.o) (__fp_cmp)
c:/program files (x86)/atmel/atmel studio 6.0/extensions/atmel/avrgcc/3.4.1.95/avrtoolchain/bin/../lib/gcc/avr/4.6.2/../../../../avr/lib/avr5\libm.a(fp_split3.o)
                              c:/program files (x86)/atmel/atmel studio 6.0/extensions/atmel/avrgcc/3.4.1.95/avrtoolchain/bin/../lib/gcc/avr/4.6.2/../../../../avr/lib/avr5\libm.a(fixunssfsi.o) (__fp_splitA)
c:/program files (x86)/atmel/atmel studio 6.0/extensions/atmel/avrgcc/3.4.1.95/avrtoolchain/bin/../lib/gcc/avr/4.6.2/../../../../avr/lib/avr5\libm.a(fp_zero.o)
                              c:/program files (x86)/atmel/atmel studio 6.0/extensions/atmel/avrgcc/3.4.1.95/avrtoolchain/bin/../lib/gcc/avr/4.6.2/../../../../avr/lib/avr5\libm.a(fixunssfsi.o) (__fp_zero)
c:/program files (x86)/atmel/atmel studio 6.0/extensions/atmel/avrgcc/3.4.1.95/avrtoolchain/bin/../lib/gcc/avr/4.6.2/../../../../avr/lib/avr5\libm.a(mulsf3.o)
                              TimerPWM.o (__mulsf3)
c:/program files (x86)/atmel/atmel studio 6.0/extensions/atmel/avrgcc/3.4.1.95/avrtoolchain/bin/../lib/gcc/avr/4.6.2/../../../../avr/lib/avr5\libm.a(mulsf3x.o)
                              c:/program files (x86)/atmel/atmel studio 6.0/extensions/atmel/avrgcc/3.4.1.95/avrtoolchain/bin/../lib/gcc/avr/4.6.2/../../../../avr/lib/avr5\libm.a(mulsf3.o) (__mulsf3x)
c:/program files (x86)/atmel/atmel studio 6.0/extensions/atmel/avrgcc/3.4.1.95/avrtoolchain/bin/../lib/gcc/avr/4.6.2/../../../../avr/lib/avr5\libm.a(fp_inf.o)
                              c:/program files (x86)/atmel/atmel studio 6.0/extensions/atmel/avrgcc/3.4.1.95/avrtoolchain/bin/../lib/gcc/avr/4.6.2/../../../../avr/lib/avr5\libm.a(mulsf3x.o) (__fp_inf)
c:/program files (x86)/atmel/atmel studio 6.0/extensions/atmel/avrgcc/3.4.1.95/avrtoolchain/bin/../lib/gcc/avr/4.6.2/../../../../avr/lib/avr5\libm.a(fp_nan.o)
                              c:/program files (x86)/atmel/atmel studio 6.0/extensions/atmel/avrgcc/3.4.1.95/avrtoolchain/bin/../lib/gcc/avr/4.6.2/../../../../avr/lib/avr5\libm.a(mulsf3x.o) (__fp_nan)
c:/program files (x86)/atmel/atmel studio 6.0/extensions/atmel/avrgcc/3.4.1.95/avrtoolchain/bin/../lib/gcc/avr/4.6.2/../../../../avr/lib/avr5\libm.a(fp_pscA.o)
                              c:/program files (x86)/atmel/atmel studio 6.0/extensions/atmel/avrgcc/3.4.1.95/avrtoolchain/bin/../lib/gcc/avr/4.6.2/../../../../avr/lib/avr5\libm.a(mulsf3x.o) (__fp_pscA)
c:/program files (x86)/atmel/atmel studio 6.0/extensions/atmel/avrgcc/3.4.1.95/avrtoolchain/bin/../lib/gcc/avr/4.6.2/../../../../avr/lib/avr5\libm.a(fp_pscB.o)
                              c:/program files (x86)/atmel/atmel studio 6.0/extensions/atmel/avrgcc/3.4.1.95/avrtoolchain/bin/../lib/gcc/avr/4.6.2/../../../../avr/lib/avr5\libm.a(mulsf3x.o) (__fp_pscB)
c:/program files (x86)/atmel/atmel studio 6.0/extensions/atmel/avrgcc/3.4.1.95/avrtoolchain/bin/../lib/gcc/avr/4.6.2/../../../../avr/lib/avr5\libm.a(fp_round.o)
                              c:/program files (x86)/atmel/atmel studio 6.0/extensions/atmel/avrgcc/3.4.1.95/avrtoolchain/bin/../lib/gcc/avr/4.6.2/../../../../avr/lib/avr5\libm.a(mulsf3.o) (__fp_round)
c:/program files (x86)/atmel/atmel studio 6.0/extensions/atmel/avrgcc/3.4.1.95/avrtoolchain/bin/../lib/gcc/avr/4.6.2/avr5\libgcc.a(_udivmodsi4.o)
                              UART.o (__udivmodsi4)
c:/program files (x86)/atmel/atmel studio 6.0/extensions/atmel/avrgcc/3.4.1.95/avrtoolchain/bin/../lib/gcc/avr/4.6.2/avr5\libgcc.a(_exit.o)
                              c:/program files (x86)/atmel/atmel studio 6.0/extensions/atmel/avrgcc/3.4.1.95/avrtoolchain/bin/../lib/gcc/avr/4.6.2/../../../../avr/lib/avr5/crtm32.o (exit)
c:/program files (x86)/atmel/atmel studio 6.0/extensions/atmel/avrgcc/3.4.1.95/avrtoolchain/bin/../lib/gcc/avr/4.6.2/avr5\libgcc.a(_copy_data.o)
                              ADC.o (__do_copy_data)
c:/program files (x86)/atmel/atmel studio 6.0/extensions/atmel/avrgcc/3.4.1.95/avrtoolchain/bin/../lib/gcc/avr/4.6.2/avr5\libgcc.a(_clear_bss.o)
                              ADC.o (__do_clear_bss)

Allocating common symbols
Common symbol       size              file

temp                0x1               ADC.o
PTR_ACESS           0x2               ADC.o
ptr_option          0x2               ADC.o
PTR_COUNT           0x2               ADC.o

Memory Configuration

Name             Origin             Length             Attributes
text             0x00000000         0x00020000         xr
data             0x00800060         0x0000ffa0         rw !x
eeprom           0x00810000         0x00010000         rw !x
fuse             0x00820000         0x00000400         rw !x
lock             0x00830000         0x00000400         rw !x
signature        0x00840000         0x00000400         rw !x
*default*        0x00000000         0xffffffff

Linker script and memory map

LOAD c:/program files (x86)/atmel/atmel studio 6.0/extensions/atmel/avrgcc/3.4.1.95/avrtoolchain/bin/../lib/gcc/avr/4.6.2/../../../../avr/lib/avr5/crtm32.o
LOAD ADC.o
LOAD DIO.o
LOAD EEPROM.o
LOAD Function.o
LOAD I2C.o
LOAD KEYPAD.o
LOAD LCD.o
LOAD LCD4.o
LOAD led.o
LOAD Slave.o
LOAD SPI.o
LOAD TIMER.o
LOAD TimerPWM.o
LOAD UART.o
START GROUP
LOAD c:/program files (x86)/atmel/atmel studio 6.0/extensions/atmel/avrgcc/3.4.1.95/avrtoolchain/bin/../lib/gcc/avr/4.6.2/../../../../avr/lib/avr5\libm.a
END GROUP
LOAD c:/program files (x86)/atmel/atmel studio 6.0/extensions/atmel/avrgcc/3.4.1.95/avrtoolchain/bin/../lib/gcc/avr/4.6.2/avr5\libgcc.a
LOAD c:/program files (x86)/atmel/atmel studio 6.0/extensions/atmel/avrgcc/3.4.1.95/avrtoolchain/bin/../lib/gcc/avr/4.6.2/../../../../avr/lib/avr5\libc.a
LOAD c:/program files (x86)/atmel/atmel studio 6.0/extensions/atmel/avrgcc/3.4.1.95/avrtoolchain/bin/../lib/gcc/avr/4.6.2/avr5\libgcc.a

.hash
 *(.hash)

.dynsym
 *(.dynsym)

.dynstr
 *(.dynstr)

.gnu.version
 *(.gnu.version)

.gnu.version_d
 *(.gnu.version_d)

.gnu.version_r
 *(.gnu.version_r)

.rel.init
 *(.rel.init)

.rela.init
 *(.rela.init)

.rel.text
 *(.rel.text)
 *(.rel.text.*)
 *(.rel.gnu.linkonce.t*)

.rela.text
 *(.rela.text)
 *(.rela.text.*)
 *(.rela.gnu.linkonce.t*)

.rel.fini
 *(.rel.fini)

.rela.fini
 *(.rela.fini)

.rel.rodata
 *(.rel.rodata)
 *(.rel.rodata.*)
 *(.rel.gnu.linkonce.r*)

.rela.rodata
 *(.rela.rodata)
 *(.rela.rodata.*)
 *(.rela.gnu.linkonce.r*)

.rel.data
 *(.rel.data)
 *(.rel.data.*)
 *(.rel.gnu.linkonce.d*)

.rela.data
 *(.rela.data)
 *(.rela.data.*)
 *(.rela.gnu.linkonce.d*)

.rel.ctors
 *(.rel.ctors)

.rela.ctors
 *(.rela.ctors)

.rel.dtors
 *(.rel.dtors)

.rela.dtors
 *(.rela.dtors)

.rel.got
 *(.rel.got)

.rela.got
 *(.rela.got)

.rel.bss
 *(.rel.bss)

.rela.bss
 *(.rela.bss)

.rel.plt
 *(.rel.plt)

.rela.plt
 *(.rela.plt)

.text           0x00000000     0x1f74
 *(.vectors)
 .vectors       0x00000000       0x54 c:/program files (x86)/atmel/atmel studio 6.0/extensions/atmel/avrgcc/3.4.1.95/avrtoolchain/bin/../lib/gcc/avr/4.6.2/../../../../avr/lib/avr5/crtm32.o
                0x00000000                __vector_default
                0x00000000                __vectors
 *(.vectors)
 *(.progmem.gcc*)
 *(.progmem*)
                0x00000054                . = ALIGN (0x2)
                0x00000054                __trampolines_start = .
 *(.trampolines)
 .trampolines   0x00000054        0x0 linker stubs
 *(.trampolines*)
                0x00000054                __trampolines_end = .
 *(.jumptables)
 *(.jumptables*)
 *(.lowtext)
 *(.lowtext*)
                0x00000054                __ctors_start = .
 *(.ctors)
                0x00000054                __ctors_end = .
                0x00000054                __dtors_start = .
 *(.dtors)
                0x00000054                __dtors_end = .
 SORT(*)(.ctors)
 SORT(*)(.dtors)
 *(.init0)
 .init0         0x00000054        0x0 c:/program files (x86)/atmel/atmel studio 6.0/extensions/atmel/avrgcc/3.4.1.95/avrtoolchain/bin/../lib/gcc/avr/4.6.2/../../../../avr/lib/avr5/crtm32.o
                0x00000054                __init
 *(.init0)
 *(.init1)
 *(.init1)
 *(.init2)
 .init2         0x00000054        0xc c:/program files (x86)/atmel/atmel studio 6.0/extensions/atmel/avrgcc/3.4.1.95/avrtoolchain/bin/../lib/gcc/avr/4.6.2/../../../../avr/lib/avr5/crtm32.o
 *(.init2)
 *(.init3)
 *(.init3)
 *(.init4)
 .init4         0x00000060       0x16 c:/program files (x86)/atmel/atmel studio 6.0/extensions/atmel/avrgcc/3.4.1.95/avrtoolchain/bin/../lib/gcc/avr/4.6.2/avr5\libgcc.a(_copy_data.o)
                0x00000060                __do_copy_data
 .init4         0x00000076       0x10 c:/program files (x86)/atmel/atmel studio 6.0/extensions/atmel/avrgcc/3.4.1.95/avrtoolchain/bin/../lib/gcc/avr/4.6.2/avr5\libgcc.a(_clear_bss.o)
                0x00000076                __do_clear_bss
 *(.init4)
 *(.init5)
 *(.init5)
 *(.init6)
 *(.init6)
 *(.init7)
 *(.init7)
 *(.init8)
 *(.init8)
 *(.init9)
 .init9         0x00000086        0x8 c:/program files (x86)/atmel/atmel studio 6.0/extensions/atmel/avrgcc/3.4.1.95/avrtoolchain/bin/../lib/gcc/avr/4.6.2/../../../../avr/lib/avr5/crtm32.o
 *(.init9)
 *(.text)
 .text          0x0000008e        0x4 c:/program files (x86)/atmel/atmel studio 6.0/extensions/atmel/avrgcc/3.4.1.95/avrtoolchain/bin/../lib/gcc/avr/4.6.2/../../../../avr/lib/avr5/crtm32.o
                0x0000008e                __vector_1
                0x0000008e                __vector_12
                0x0000008e                __bad_interrupt
                0x0000008e                __vector_6
                0x0000008e                __vector_3
                0x0000008e                __vector_11
                0x0000008e                __vector_13
                0x0000008e                __vector_17
                0x0000008e                __vector_19
                0x0000008e                __vector_7
                0x0000008e                __vector_5
                0x0000008e                __vector_4
                0x0000008e                __vector_9
                0x0000008e                __vector_2
                0x0000008e                __vector_15
                0x0000008e                __vector_8
                0x0000008e                __vector_14
                0x0000008e                __vector_10
                0x0000008e                __vector_18
                0x0000008e                __vector_20
 .text          0x00000092       0x3c ADC.o
                0x00000092                ADC_vint
                0x000000a4                ADC_u16Read
                0x000000ba                ADC_vStartconvin
                0x000000be                ADC_u16Read_intr
 .text          0x000000ce      0x4f2 DIO.o
                0x000000ce                DIO_vsetpindirection
                0x000001f0                DIO_vWrite
                0x00000312                DIO_vToggle
                0x000003ac                DIO_vRead
                0x00000476                DIO_vpullup
                0x00000598                DIO_vPORTSET
 .text          0x000005c0       0x1e EEPROM.o
                0x000005c0                EEPROM_vWrite
                0x000005d0                EEPROM_vRead
 .text          0x000005de      0xeb2 Function.o
                0x000005de                tot_inti
                0x000005f4                Welcome_Message
                0x00000602                LCD_StrtDis
                0x00000650                LCD_PassDis1
                0x0000071a                LCD_PassDis2
                0x000007b6                TryAgain
                0x000008b8                Check_Password_Correct
                0x0000098a                BlockPower
                0x000009ca                Block
                0x000009e6                Check_NoPass
                0x000009fa                Set_Pass
                0x00000b38                Access_Display1
                0x00000c16                Access_Display2
                0x00000cf4                Rooms_Access_Display
                0x00000e32                TVM
                0x00000ec4                TV_ON_OFF
                0x00000f2a                TV_Access
                0x00001022                AC_disp
                0x000010b4                AC_On
                0x0000111a                AC_Access
                0x00001212                AC_TEMP_SET
                0x00001260                AC_TEMP_Degree
                0x0000132e                AC_Degree
                0x00001344                Guest_Pass
                0x00001358                Chk_Guest_Pass
                0x00001378                Guest_Access_Display
                0x00001456                vTv_ON
                0x0000145a                vTv_OFF
                0x0000145e                vAirCond_ON
                0x0000148c                vAirCond_OFF
 .text          0x00001490       0xd0 I2C.o
                0x00001490                TWI_vMasterInt
                0x00001496                TWI_Start
                0x000014b4                TWI_MSendAdrrs
                0x000014c8                TWI_MSendData
                0x000014da                TWI_MStop
                0x000014e8                TWI_MasterTrans
                0x0000150a                TWI_vSlvint
                0x00001522                TWI_Slaveavilb
                0x0000153c                TWI_Read
 .text          0x00001560      0x19c KEYPAD.o
                0x00001560                KEYPAD_VINIT
                0x000015da                KEYPAD_u8SCAN
                0x000016a0                SEVENSEG_vint
                0x000016f2                SEVENSEG_display
 .text          0x000016fc      0x12a LCD.o
                0x000016fc                SFE
                0x0000171a                LCD_vSendCmd
                0x00001724                LCD_vint
                0x00001750                LCD_vsenddata
                0x0000175a                LCD_vSDD
                0x00001778                LCD_vMOVECur
                0x00001792                LCD_print
                0x000017be                LCD_LD
                0x00001804                LCD_vCLEARS
 .text          0x00001826      0x192 LCD4.o
                0x00001826                SFE4
                0x00001850                LCD4_vSendCmd
                0x00001882                LCD4_vint
                0x000018ba                LCD4_vsenddata
                0x000018ec                LCD4_vSDD
                0x0000190a                LCD4_vMOVECur
                0x00001924                LCD4_print
                0x00001950                LCD4_LD
                0x00001996                LCD4_vCLEARS
 .text          0x000019b8       0x34 led.o
                0x000019b8                LED_vInit
                0x000019c6                LED_vON
                0x000019d4                LED_vOFF
                0x000019e2                LED_vTOGGLE
 .text          0x000019ec      0x158 Slave.o
                0x000019ec                main
                0x00001ad8                __vector_16
 .text          0x00001b44       0x34 SPI.o
                0x00001b44                SPI_vINTMASTRE
                0x00001b58                SPI_vINTSlave
                0x00001b64                SPI_vTransf
                0x00001b70                SPI_u8Recive
 .text          0x00001b78       0x6a TIMER.o
                0x00001b78                TIMER_vInt
                0x00001ba4                Timer1_vInit_16bit
 .text          0x00001be2       0x4e TimerPWM.o
                0x00001be2                TimerPWM_vint
                0x00001c1c                TimerPWM_SetDC
 .text          0x00001c30       0x72 UART.o
                0x00001c30                UART_vInit
                0x00001c92                UART_vSendData
                0x00001c9a                UART_u8ReceiveData
 .text          0x00001ca2        0x0 c:/program files (x86)/atmel/atmel studio 6.0/extensions/atmel/avrgcc/3.4.1.95/avrtoolchain/bin/../lib/gcc/avr/4.6.2/../../../../avr/lib/avr5\libm.a(cmpsf2.o)
 .text          0x00001ca2        0x0 c:/program files (x86)/atmel/atmel studio 6.0/extensions/atmel/avrgcc/3.4.1.95/avrtoolchain/bin/../lib/gcc/avr/4.6.2/../../../../avr/lib/avr5\libm.a(fixunssfsi.o)
 .text          0x00001ca2        0x0 c:/program files (x86)/atmel/atmel studio 6.0/extensions/atmel/avrgcc/3.4.1.95/avrtoolchain/bin/../lib/gcc/avr/4.6.2/../../../../avr/lib/avr5\libm.a(floatsisf.o)
 .text          0x00001ca2        0x0 c:/program files (x86)/atmel/atmel studio 6.0/extensions/atmel/avrgcc/3.4.1.95/avrtoolchain/bin/../lib/gcc/avr/4.6.2/../../../../avr/lib/avr5\libm.a(fp_cmp.o)
 .text          0x00001ca2        0x0 c:/program files (x86)/atmel/atmel studio 6.0/extensions/atmel/avrgcc/3.4.1.95/avrtoolchain/bin/../lib/gcc/avr/4.6.2/../../../../avr/lib/avr5\libm.a(fp_split3.o)
 .text          0x00001ca2        0x0 c:/program files (x86)/atmel/atmel studio 6.0/extensions/atmel/avrgcc/3.4.1.95/avrtoolchain/bin/../lib/gcc/avr/4.6.2/../../../../avr/lib/avr5\libm.a(fp_zero.o)
 .text          0x00001ca2        0x0 c:/program files (x86)/atmel/atmel studio 6.0/extensions/atmel/avrgcc/3.4.1.95/avrtoolchain/bin/../lib/gcc/avr/4.6.2/../../../../avr/lib/avr5\libm.a(mulsf3.o)
 .text          0x00001ca2        0x0 c:/program files (x86)/atmel/atmel studio 6.0/extensions/atmel/avrgcc/3.4.1.95/avrtoolchain/bin/../lib/gcc/avr/4.6.2/../../../../avr/lib/avr5\libm.a(mulsf3x.o)
 .text          0x00001ca2        0x0 c:/program files (x86)/atmel/atmel studio 6.0/extensions/atmel/avrgcc/3.4.1.95/avrtoolchain/bin/../lib/gcc/avr/4.6.2/../../../../avr/lib/avr5\libm.a(fp_inf.o)
 .text          0x00001ca2        0x0 c:/program files (x86)/atmel/atmel studio 6.0/extensions/atmel/avrgcc/3.4.1.95/avrtoolchain/bin/../lib/gcc/avr/4.6.2/../../../../avr/lib/avr5\libm.a(fp_nan.o)
 .text          0x00001ca2        0x0 c:/program files (x86)/atmel/atmel studio 6.0/extensions/atmel/avrgcc/3.4.1.95/avrtoolchain/bin/../lib/gcc/avr/4.6.2/../../../../avr/lib/avr5\libm.a(fp_pscA.o)
 .text          0x00001ca2        0x0 c:/program files (x86)/atmel/atmel studio 6.0/extensions/atmel/avrgcc/3.4.1.95/avrtoolchain/bin/../lib/gcc/avr/4.6.2/../../../../avr/lib/avr5\libm.a(fp_pscB.o)
 .text          0x00001ca2        0x0 c:/program files (x86)/atmel/atmel studio 6.0/extensions/atmel/avrgcc/3.4.1.95/avrtoolchain/bin/../lib/gcc/avr/4.6.2/../../../../avr/lib/avr5\libm.a(fp_round.o)
 .text          0x00001ca2        0x0 c:/program files (x86)/atmel/atmel studio 6.0/extensions/atmel/avrgcc/3.4.1.95/avrtoolchain/bin/../lib/gcc/avr/4.6.2/avr5\libgcc.a(_udivmodsi4.o)
 .text          0x00001ca2        0x0 c:/program files (x86)/atmel/atmel studio 6.0/extensions/atmel/avrgcc/3.4.1.95/avrtoolchain/bin/../lib/gcc/avr/4.6.2/avr5\libgcc.a(_exit.o)
 .text          0x00001ca2        0x0 c:/program files (x86)/atmel/atmel studio 6.0/extensions/atmel/avrgcc/3.4.1.95/avrtoolchain/bin/../lib/gcc/avr/4.6.2/avr5\libgcc.a(_copy_data.o)
 .text          0x00001ca2        0x0 c:/program files (x86)/atmel/atmel studio 6.0/extensions/atmel/avrgcc/3.4.1.95/avrtoolchain/bin/../lib/gcc/avr/4.6.2/avr5\libgcc.a(_clear_bss.o)
                0x00001ca2                . = ALIGN (0x2)
 *(.text.*)
 .text.avr-libc.fplib
                0x00001ca2        0x8 c:/program files (x86)/atmel/atmel studio 6.0/extensions/atmel/avrgcc/3.4.1.95/avrtoolchain/bin/../lib/gcc/avr/4.6.2/../../../../avr/lib/avr5\libm.a(cmpsf2.o)
                0x00001ca2                __nesf2
                0x00001ca2                __eqsf2
                0x00001ca2                __cmpsf2
                0x00001ca2                __ltsf2
                0x00001ca2                __lesf2
 .text.avr-libc.fplib
                0x00001caa       0x58 c:/program files (x86)/atmel/atmel studio 6.0/extensions/atmel/avrgcc/3.4.1.95/avrtoolchain/bin/../lib/gcc/avr/4.6.2/../../../../avr/lib/avr5\libm.a(fixunssfsi.o)
                0x00001caa                __fixunssfsi
 .text.avr-libc.fplib
                0x00001d02       0x7a c:/program files (x86)/atmel/atmel studio 6.0/extensions/atmel/avrgcc/3.4.1.95/avrtoolchain/bin/../lib/gcc/avr/4.6.2/../../../../avr/lib/avr5\libm.a(floatsisf.o)
                0x00001d02                __floatunsisf
                0x00001d06                __floatsisf
 .text.avr-libc.fplib
                0x00001d7c       0x48 c:/program files (x86)/atmel/atmel studio 6.0/extensions/atmel/avrgcc/3.4.1.95/avrtoolchain/bin/../lib/gcc/avr/4.6.2/../../../../avr/lib/avr5\libm.a(fp_cmp.o)
                0x00001d7c                __fp_cmp
 .text.avr-libc.fplib
                0x00001dc4       0x44 c:/program files (x86)/atmel/atmel studio 6.0/extensions/atmel/avrgcc/3.4.1.95/avrtoolchain/bin/../lib/gcc/avr/4.6.2/../../../../avr/lib/avr5\libm.a(fp_split3.o)
                0x00001dc4                __fp_split3
                0x00001dd4                __fp_splitA
 .text.avr-libc.fplib
                0x00001e08        0xe c:/program files (x86)/atmel/atmel studio 6.0/extensions/atmel/avrgcc/3.4.1.95/avrtoolchain/bin/../lib/gcc/avr/4.6.2/../../../../avr/lib/avr5\libm.a(fp_zero.o)
                0x00001e08                __fp_zero
                0x00001e0a                __fp_szero
 .text.avr-libc.fplib
                0x00001e16        0x4 c:/program files (x86)/atmel/atmel studio 6.0/extensions/atmel/avrgcc/3.4.1.95/avrtoolchain/bin/../lib/gcc/avr/4.6.2/../../../../avr/lib/avr5\libm.a(mulsf3.o)
                0x00001e16                __mulsf3
 .text.avr-libc.fplib
                0x00001e1a       0xc2 c:/program files (x86)/atmel/atmel studio 6.0/extensions/atmel/avrgcc/3.4.1.95/avrtoolchain/bin/../lib/gcc/avr/4.6.2/../../../../avr/lib/avr5\libm.a(mulsf3x.o)
                0x00001e2e                __mulsf3x
                0x00001e32                __mulsf3_pse
 .text.avr-libc.fplib
                0x00001edc        0xc c:/program files (x86)/atmel/atmel studio 6.0/extensions/atmel/avrgcc/3.4.1.95/avrtoolchain/bin/../lib/gcc/avr/4.6.2/../../../../avr/lib/avr5\libm.a(fp_inf.o)
                0x00001edc                __fp_inf
 .text.avr-libc.fplib
                0x00001ee8        0x6 c:/program files (x86)/atmel/atmel studio 6.0/extensions/atmel/avrgcc/3.4.1.95/avrtoolchain/bin/../lib/gcc/avr/4.6.2/../../../../avr/lib/avr5\libm.a(fp_nan.o)
                0x00001ee8                __fp_nan
 .text.avr-libc.fplib
                0x00001eee        0xe c:/program files (x86)/atmel/atmel studio 6.0/extensions/atmel/avrgcc/3.4.1.95/avrtoolchain/bin/../lib/gcc/avr/4.6.2/../../../../avr/lib/avr5\libm.a(fp_pscA.o)
                0x00001eee                __fp_pscA
 .text.avr-libc.fplib
                0x00001efc        0xe c:/program files (x86)/atmel/atmel studio 6.0/extensions/atmel/avrgcc/3.4.1.95/avrtoolchain/bin/../lib/gcc/avr/4.6.2/../../../../avr/lib/avr5\libm.a(fp_pscB.o)
                0x00001efc                __fp_pscB
 .text.avr-libc.fplib
                0x00001f0a       0x22 c:/program files (x86)/atmel/atmel studio 6.0/extensions/atmel/avrgcc/3.4.1.95/avrtoolchain/bin/../lib/gcc/avr/4.6.2/../../../../avr/lib/avr5\libm.a(fp_round.o)
                0x00001f0a                __fp_round
 .text.libgcc   0x00001f2c       0x44 c:/program files (x86)/atmel/atmel studio 6.0/extensions/atmel/avrgcc/3.4.1.95/avrtoolchain/bin/../lib/gcc/avr/4.6.2/avr5\libgcc.a(_udivmodsi4.o)
                0x00001f2c                __udivmodsi4
 .text.libgcc   0x00001f70        0x0 c:/program files (x86)/atmel/atmel studio 6.0/extensions/atmel/avrgcc/3.4.1.95/avrtoolchain/bin/../lib/gcc/avr/4.6.2/avr5\libgcc.a(_exit.o)
 .text.libgcc   0x00001f70        0x0 c:/program files (x86)/atmel/atmel studio 6.0/extensions/atmel/avrgcc/3.4.1.95/avrtoolchain/bin/../lib/gcc/avr/4.6.2/avr5\libgcc.a(_copy_data.o)
 .text.libgcc   0x00001f70        0x0 c:/program files (x86)/atmel/atmel studio 6.0/extensions/atmel/avrgcc/3.4.1.95/avrtoolchain/bin/../lib/gcc/avr/4.6.2/avr5\libgcc.a(_clear_bss.o)
                0x00001f70                . = ALIGN (0x2)
 *(.fini9)
 .fini9         0x00001f70        0x0 c:/program files (x86)/atmel/atmel studio 6.0/extensions/atmel/avrgcc/3.4.1.95/avrtoolchain/bin/../lib/gcc/avr/4.6.2/avr5\libgcc.a(_exit.o)
                0x00001f70                _exit
                0x00001f70                exit
 *(.fini9)
 *(.fini8)
 *(.fini8)
 *(.fini7)
 *(.fini7)
 *(.fini6)
 *(.fini6)
 *(.fini5)
 *(.fini5)
 *(.fini4)
 *(.fini4)
 *(.fini3)
 *(.fini3)
 *(.fini2)
 *(.fini2)
 *(.fini1)
 *(.fini1)
 *(.fini0)
 .fini0         0x00001f70        0x4 c:/program files (x86)/atmel/atmel studio 6.0/extensions/atmel/avrgcc/3.4.1.95/avrtoolchain/bin/../lib/gcc/avr/4.6.2/avr5\libgcc.a(_exit.o)
 *(.fini0)
                0x00001f74                _etext = .

.data           0x00800060      0x116 load address 0x00001f74
                0x00800060                PROVIDE (__data_start, .)
 *(.data)
 .data          0x00800060        0x0 c:/program files (x86)/atmel/atmel studio 6.0/extensions/atmel/avrgcc/3.4.1.95/avrtoolchain/bin/../lib/gcc/avr/4.6.2/../../../../avr/lib/avr5/crtm32.o
 .data          0x00800060        0x0 ADC.o
 .data          0x00800060        0x0 DIO.o
 .data          0x00800060        0x0 EEPROM.o
 .data          0x00800060      0x106 Function.o
 .data          0x00800166        0x0 I2C.o
 .data          0x00800166       0x10 KEYPAD.o
 .data          0x00800176        0x0 LCD.o
 .data          0x00800176        0x0 LCD4.o
 .data          0x00800176        0x0 led.o
 .data          0x00800176        0x0 Slave.o
 .data          0x00800176        0x0 SPI.o
 .data          0x00800176        0x0 TIMER.o
 .data          0x00800176        0x0 TimerPWM.o
 .data          0x00800176        0x0 UART.o
 .data          0x00800176        0x0 c:/program files (x86)/atmel/atmel studio 6.0/extensions/atmel/avrgcc/3.4.1.95/avrtoolchain/bin/../lib/gcc/avr/4.6.2/../../../../avr/lib/avr5\libm.a(cmpsf2.o)
 .data          0x00800176        0x0 c:/program files (x86)/atmel/atmel studio 6.0/extensions/atmel/avrgcc/3.4.1.95/avrtoolchain/bin/../lib/gcc/avr/4.6.2/../../../../avr/lib/avr5\libm.a(fixunssfsi.o)
 .data          0x00800176        0x0 c:/program files (x86)/atmel/atmel studio 6.0/extensions/atmel/avrgcc/3.4.1.95/avrtoolchain/bin/../lib/gcc/avr/4.6.2/../../../../avr/lib/avr5\libm.a(floatsisf.o)
 .data          0x00800176        0x0 c:/program files (x86)/atmel/atmel studio 6.0/extensions/atmel/avrgcc/3.4.1.95/avrtoolchain/bin/../lib/gcc/avr/4.6.2/../../../../avr/lib/avr5\libm.a(fp_cmp.o)
 .data          0x00800176        0x0 c:/program files (x86)/atmel/atmel studio 6.0/extensions/atmel/avrgcc/3.4.1.95/avrtoolchain/bin/../lib/gcc/avr/4.6.2/../../../../avr/lib/avr5\libm.a(fp_split3.o)
 .data          0x00800176        0x0 c:/program files (x86)/atmel/atmel studio 6.0/extensions/atmel/avrgcc/3.4.1.95/avrtoolchain/bin/../lib/gcc/avr/4.6.2/../../../../avr/lib/avr5\libm.a(fp_zero.o)
 .data          0x00800176        0x0 c:/program files (x86)/atmel/atmel studio 6.0/extensions/atmel/avrgcc/3.4.1.95/avrtoolchain/bin/../lib/gcc/avr/4.6.2/../../../../avr/lib/avr5\libm.a(mulsf3.o)
 .data          0x00800176        0x0 c:/program files (x86)/atmel/atmel studio 6.0/extensions/atmel/avrgcc/3.4.1.95/avrtoolchain/bin/../lib/gcc/avr/4.6.2/../../../../avr/lib/avr5\libm.a(mulsf3x.o)
 .data          0x00800176        0x0 c:/program files (x86)/atmel/atmel studio 6.0/extensions/atmel/avrgcc/3.4.1.95/avrtoolchain/bin/../lib/gcc/avr/4.6.2/../../../../avr/lib/avr5\libm.a(fp_inf.o)
 .data          0x00800176        0x0 c:/program files (x86)/atmel/atmel studio 6.0/extensions/atmel/avrgcc/3.4.1.95/avrtoolchain/bin/../lib/gcc/avr/4.6.2/../../../../avr/lib/avr5\libm.a(fp_nan.o)
 .data          0x00800176        0x0 c:/program files (x86)/atmel/atmel studio 6.0/extensions/atmel/avrgcc/3.4.1.95/avrtoolchain/bin/../lib/gcc/avr/4.6.2/../../../../avr/lib/avr5\libm.a(fp_pscA.o)
 .data          0x00800176        0x0 c:/program files (x86)/atmel/atmel studio 6.0/extensions/atmel/avrgcc/3.4.1.95/avrtoolchain/bin/../lib/gcc/avr/4.6.2/../../../../avr/lib/avr5\libm.a(fp_pscB.o)
 .data          0x00800176        0x0 c:/program files (x86)/atmel/atmel studio 6.0/extensions/atmel/avrgcc/3.4.1.95/avrtoolchain/bin/../lib/gcc/avr/4.6.2/../../../../avr/lib/avr5\libm.a(fp_round.o)
 .data          0x00800176        0x0 c:/program files (x86)/atmel/atmel studio 6.0/extensions/atmel/avrgcc/3.4.1.95/avrtoolchain/bin/../lib/gcc/avr/4.6.2/avr5\libgcc.a(_udivmodsi4.o)
 .data          0x00800176        0x0 c:/program files (x86)/atmel/atmel studio 6.0/extensions/atmel/avrgcc/3.4.1.95/avrtoolchain/bin/../lib/gcc/avr/4.6.2/avr5\libgcc.a(_exit.o)
 .data          0x00800176        0x0 c:/program files (x86)/atmel/atmel studio 6.0/extensions/atmel/avrgcc/3.4.1.95/avrtoolchain/bin/../lib/gcc/avr/4.6.2/avr5\libgcc.a(_copy_data.o)
 .data          0x00800176        0x0 c:/program files (x86)/atmel/atmel studio 6.0/extensions/atmel/avrgcc/3.4.1.95/avrtoolchain/bin/../lib/gcc/avr/4.6.2/avr5\libgcc.a(_clear_bss.o)
 *(.data*)
 *(.rodata)
 *(.rodata*)
 *(.gnu.linkonce.d*)
                0x00800176                . = ALIGN (0x2)
                0x00800176                _edata = .
                0x00800176                PROVIDE (__data_end, .)

.bss            0x00800176        0x7
                0x00800176                PROVIDE (__bss_start, .)
 *(.bss)
 .bss           0x00800176        0x0 c:/program files (x86)/atmel/atmel studio 6.0/extensions/atmel/avrgcc/3.4.1.95/avrtoolchain/bin/../lib/gcc/avr/4.6.2/../../../../avr/lib/avr5/crtm32.o
 .bss           0x00800176        0x0 ADC.o
 .bss           0x00800176        0x0 DIO.o
 .bss           0x00800176        0x0 EEPROM.o
 .bss           0x00800176        0x0 Function.o
 .bss           0x00800176        0x0 I2C.o
 .bss           0x00800176        0x0 KEYPAD.o
 .bss           0x00800176        0x0 LCD.o
 .bss           0x00800176        0x0 LCD4.o
 .bss           0x00800176        0x0 led.o
 .bss           0x00800176        0x0 Slave.o
 .bss           0x00800176        0x0 SPI.o
 .bss           0x00800176        0x0 TIMER.o
 .bss           0x00800176        0x0 TimerPWM.o
 .bss           0x00800176        0x0 UART.o
 .bss           0x00800176        0x0 c:/program files (x86)/atmel/atmel studio 6.0/extensions/atmel/avrgcc/3.4.1.95/avrtoolchain/bin/../lib/gcc/avr/4.6.2/../../../../avr/lib/avr5\libm.a(cmpsf2.o)
 .bss           0x00800176        0x0 c:/program files (x86)/atmel/atmel studio 6.0/extensions/atmel/avrgcc/3.4.1.95/avrtoolchain/bin/../lib/gcc/avr/4.6.2/../../../../avr/lib/avr5\libm.a(fixunssfsi.o)
 .bss           0x00800176        0x0 c:/program files (x86)/atmel/atmel studio 6.0/extensions/atmel/avrgcc/3.4.1.95/avrtoolchain/bin/../lib/gcc/avr/4.6.2/../../../../avr/lib/avr5\libm.a(floatsisf.o)
 .bss           0x00800176        0x0 c:/program files (x86)/atmel/atmel studio 6.0/extensions/atmel/avrgcc/3.4.1.95/avrtoolchain/bin/../lib/gcc/avr/4.6.2/../../../../avr/lib/avr5\libm.a(fp_cmp.o)
 .bss           0x00800176        0x0 c:/program files (x86)/atmel/atmel studio 6.0/extensions/atmel/avrgcc/3.4.1.95/avrtoolchain/bin/../lib/gcc/avr/4.6.2/../../../../avr/lib/avr5\libm.a(fp_split3.o)
 .bss           0x00800176        0x0 c:/program files (x86)/atmel/atmel studio 6.0/extensions/atmel/avrgcc/3.4.1.95/avrtoolchain/bin/../lib/gcc/avr/4.6.2/../../../../avr/lib/avr5\libm.a(fp_zero.o)
 .bss           0x00800176        0x0 c:/program files (x86)/atmel/atmel studio 6.0/extensions/atmel/avrgcc/3.4.1.95/avrtoolchain/bin/../lib/gcc/avr/4.6.2/../../../../avr/lib/avr5\libm.a(mulsf3.o)
 .bss           0x00800176        0x0 c:/program files (x86)/atmel/atmel studio 6.0/extensions/atmel/avrgcc/3.4.1.95/avrtoolchain/bin/../lib/gcc/avr/4.6.2/../../../../avr/lib/avr5\libm.a(mulsf3x.o)
 .bss           0x00800176        0x0 c:/program files (x86)/atmel/atmel studio 6.0/extensions/atmel/avrgcc/3.4.1.95/avrtoolchain/bin/../lib/gcc/avr/4.6.2/../../../../avr/lib/avr5\libm.a(fp_inf.o)
 .bss           0x00800176        0x0 c:/program files (x86)/atmel/atmel studio 6.0/extensions/atmel/avrgcc/3.4.1.95/avrtoolchain/bin/../lib/gcc/avr/4.6.2/../../../../avr/lib/avr5\libm.a(fp_nan.o)
 .bss           0x00800176        0x0 c:/program files (x86)/atmel/atmel studio 6.0/extensions/atmel/avrgcc/3.4.1.95/avrtoolchain/bin/../lib/gcc/avr/4.6.2/../../../../avr/lib/avr5\libm.a(fp_pscA.o)
 .bss           0x00800176        0x0 c:/program files (x86)/atmel/atmel studio 6.0/extensions/atmel/avrgcc/3.4.1.95/avrtoolchain/bin/../lib/gcc/avr/4.6.2/../../../../avr/lib/avr5\libm.a(fp_pscB.o)
 .bss           0x00800176        0x0 c:/program files (x86)/atmel/atmel studio 6.0/extensions/atmel/avrgcc/3.4.1.95/avrtoolchain/bin/../lib/gcc/avr/4.6.2/../../../../avr/lib/avr5\libm.a(fp_round.o)
 .bss           0x00800176        0x0 c:/program files (x86)/atmel/atmel studio 6.0/extensions/atmel/avrgcc/3.4.1.95/avrtoolchain/bin/../lib/gcc/avr/4.6.2/avr5\libgcc.a(_udivmodsi4.o)
 .bss           0x00800176        0x0 c:/program files (x86)/atmel/atmel studio 6.0/extensions/atmel/avrgcc/3.4.1.95/avrtoolchain/bin/../lib/gcc/avr/4.6.2/avr5\libgcc.a(_exit.o)
 .bss           0x00800176        0x0 c:/program files (x86)/atmel/atmel studio 6.0/extensions/atmel/avrgcc/3.4.1.95/avrtoolchain/bin/../lib/gcc/avr/4.6.2/avr5\libgcc.a(_copy_data.o)
 .bss           0x00800176        0x0 c:/program files (x86)/atmel/atmel studio 6.0/extensions/atmel/avrgcc/3.4.1.95/avrtoolchain/bin/../lib/gcc/avr/4.6.2/avr5\libgcc.a(_clear_bss.o)
 *(.bss*)
 *(COMMON)
 COMMON         0x00800176        0x7 ADC.o
                0x00800176                temp
                0x00800177                PTR_ACESS
                0x00800179                ptr_option
                0x0080017b                PTR_COUNT
                0x0080017d                PROVIDE (__bss_end, .)
                0x00001f74                __data_load_start = LOADADDR (.data)
                0x0000208a                __data_load_end = (__data_load_start + SIZEOF (.data))

.noinit         0x0080017d        0x0
                0x0080017d                PROVIDE (__noinit_start, .)
 *(.noinit*)
                0x0080017d                PROVIDE (__noinit_end, .)
                0x0080017d                _end = .
                0x0080017d                PROVIDE (__heap_start, .)

.eeprom         0x00810000        0x0
 *(.eeprom*)
                0x00810000                __eeprom_end = .

.fuse
 *(.fuse)
 *(.lfuse)
 *(.hfuse)
 *(.efuse)

.lock
 *(.lock*)

.signature
 *(.signature*)

.stab           0x00000000     0x18e4
 *(.stab)
 .stab          0x00000000      0x6cc c:/program files (x86)/atmel/atmel studio 6.0/extensions/atmel/avrgcc/3.4.1.95/avrtoolchain/bin/../lib/gcc/avr/4.6.2/../../../../avr/lib/avr5/crtm32.o
 .stab          0x000006cc       0x90 c:/program files (x86)/atmel/atmel studio 6.0/extensions/atmel/avrgcc/3.4.1.95/avrtoolchain/bin/../lib/gcc/avr/4.6.2/../../../../avr/lib/avr5\libm.a(cmpsf2.o)
                                 0x9c (size before relaxing)
 .stab          0x0000075c      0x240 c:/program files (x86)/atmel/atmel studio 6.0/extensions/atmel/avrgcc/3.4.1.95/avrtoolchain/bin/../lib/gcc/avr/4.6.2/../../../../avr/lib/avr5\libm.a(fixunssfsi.o)
                                0x24c (size before relaxing)
 .stab          0x0000099c      0x318 c:/program files (x86)/atmel/atmel studio 6.0/extensions/atmel/avrgcc/3.4.1.95/avrtoolchain/bin/../lib/gcc/avr/4.6.2/../../../../avr/lib/avr5\libm.a(floatsisf.o)
                                0x324 (size before relaxing)
 .stab          0x00000cb4      0x1e0 c:/program files (x86)/atmel/atmel studio 6.0/extensions/atmel/avrgcc/3.4.1.95/avrtoolchain/bin/../lib/gcc/avr/4.6.2/../../../../avr/lib/avr5\libm.a(fp_cmp.o)
                                0x1ec (size before relaxing)
 .stab          0x00000e94      0x1d4 c:/program files (x86)/atmel/atmel studio 6.0/extensions/atmel/avrgcc/3.4.1.95/avrtoolchain/bin/../lib/gcc/avr/4.6.2/../../../../avr/lib/avr5\libm.a(fp_split3.o)
                                0x1e0 (size before relaxing)
 .stab          0x00001068       0x90 c:/program files (x86)/atmel/atmel studio 6.0/extensions/atmel/avrgcc/3.4.1.95/avrtoolchain/bin/../lib/gcc/avr/4.6.2/../../../../avr/lib/avr5\libm.a(fp_zero.o)
                                 0x9c (size before relaxing)
 .stab          0x000010f8       0x48 c:/program files (x86)/atmel/atmel studio 6.0/extensions/atmel/avrgcc/3.4.1.95/avrtoolchain/bin/../lib/gcc/avr/4.6.2/../../../../avr/lib/avr5\libm.a(mulsf3.o)
                                 0x54 (size before relaxing)
 .stab          0x00001140      0x4d4 c:/program files (x86)/atmel/atmel studio 6.0/extensions/atmel/avrgcc/3.4.1.95/avrtoolchain/bin/../lib/gcc/avr/4.6.2/../../../../avr/lib/avr5\libm.a(mulsf3x.o)
                                0x4e0 (size before relaxing)
 .stab          0x00001614       0x78 c:/program files (x86)/atmel/atmel studio 6.0/extensions/atmel/avrgcc/3.4.1.95/avrtoolchain/bin/../lib/gcc/avr/4.6.2/../../../../avr/lib/avr5\libm.a(fp_inf.o)
                                 0x84 (size before relaxing)
 .stab          0x0000168c       0x54 c:/program files (x86)/atmel/atmel studio 6.0/extensions/atmel/avrgcc/3.4.1.95/avrtoolchain/bin/../lib/gcc/avr/4.6.2/../../../../avr/lib/avr5\libm.a(fp_nan.o)
                                 0x60 (size before relaxing)
 .stab          0x000016e0       0x84 c:/program files (x86)/atmel/atmel studio 6.0/extensions/atmel/avrgcc/3.4.1.95/avrtoolchain/bin/../lib/gcc/avr/4.6.2/../../../../avr/lib/avr5\libm.a(fp_pscA.o)
                                 0x90 (size before relaxing)
 .stab          0x00001764       0x84 c:/program files (x86)/atmel/atmel studio 6.0/extensions/atmel/avrgcc/3.4.1.95/avrtoolchain/bin/../lib/gcc/avr/4.6.2/../../../../avr/lib/avr5\libm.a(fp_pscB.o)
                                 0x90 (size before relaxing)
 .stab          0x000017e8       0xfc c:/program files (x86)/atmel/atmel studio 6.0/extensions/atmel/avrgcc/3.4.1.95/avrtoolchain/bin/../lib/gcc/avr/4.6.2/../../../../avr/lib/avr5\libm.a(fp_round.o)
                                0x108 (size before relaxing)

.stabstr        0x00000000      0x582
 *(.stabstr)
 .stabstr       0x00000000      0x582 c:/program files (x86)/atmel/atmel studio 6.0/extensions/atmel/avrgcc/3.4.1.95/avrtoolchain/bin/../lib/gcc/avr/4.6.2/../../../../avr/lib/avr5/crtm32.o

.stab.excl
 *(.stab.excl)

.stab.exclstr
 *(.stab.exclstr)

.stab.index
 *(.stab.index)

.stab.indexstr
 *(.stab.indexstr)

.comment
 *(.comment)

.debug
 *(.debug)

.line
 *(.line)

.debug_srcinfo
 *(.debug_srcinfo)

.debug_sfnames
 *(.debug_sfnames)

.debug_aranges  0x00000000      0x240
 *(.debug_aranges)
 .debug_aranges
                0x00000000       0x20 ADC.o
 .debug_aranges
                0x00000020       0x20 DIO.o
 .debug_aranges
                0x00000040       0x20 EEPROM.o
 .debug_aranges
                0x00000060       0x20 Function.o
 .debug_aranges
                0x00000080       0x20 I2C.o
 .debug_aranges
                0x000000a0       0x20 KEYPAD.o
 .debug_aranges
                0x000000c0       0x20 LCD.o
 .debug_aranges
                0x000000e0       0x20 LCD4.o
 .debug_aranges
                0x00000100       0x20 led.o
 .debug_aranges
                0x00000120       0x20 Slave.o
 .debug_aranges
                0x00000140       0x20 SPI.o
 .debug_aranges
                0x00000160       0x20 TIMER.o
 .debug_aranges
                0x00000180       0x20 TimerPWM.o
 .debug_aranges
                0x000001a0       0x20 UART.o
 .debug_aranges
                0x000001c0       0x20 c:/program files (x86)/atmel/atmel studio 6.0/extensions/atmel/avrgcc/3.4.1.95/avrtoolchain/bin/../lib/gcc/avr/4.6.2/avr5\libgcc.a(_udivmodsi4.o)
 .debug_aranges
                0x000001e0       0x20 c:/program files (x86)/atmel/atmel studio 6.0/extensions/atmel/avrgcc/3.4.1.95/avrtoolchain/bin/../lib/gcc/avr/4.6.2/avr5\libgcc.a(_exit.o)
 .debug_aranges
                0x00000200       0x20 c:/program files (x86)/atmel/atmel studio 6.0/extensions/atmel/avrgcc/3.4.1.95/avrtoolchain/bin/../lib/gcc/avr/4.6.2/avr5\libgcc.a(_copy_data.o)
 .debug_aranges
                0x00000220       0x20 c:/program files (x86)/atmel/atmel studio 6.0/extensions/atmel/avrgcc/3.4.1.95/avrtoolchain/bin/../lib/gcc/avr/4.6.2/avr5\libgcc.a(_clear_bss.o)

.debug_pubnames
 *(.debug_pubnames)

.debug_info     0x00000000     0x391d
 *(.debug_info)
 .debug_info    0x00000000      0x2ab ADC.o
 .debug_info    0x000002ab      0x3af DIO.o
 .debug_info    0x0000065a      0x295 EEPROM.o
 .debug_info    0x000008ef      0xd63 Function.o
 .debug_info    0x00001652      0x343 I2C.o
 .debug_info    0x00001995      0x2de KEYPAD.o
 .debug_info    0x00001c73      0x5a1 LCD.o
 .debug_info    0x00002214      0x59d LCD4.o
 .debug_info    0x000027b1      0x17d led.o
 .debug_info    0x0000292e      0x28e Slave.o
 .debug_info    0x00002bbc      0x28b SPI.o
 .debug_info    0x00002e47      0x258 TIMER.o
 .debug_info    0x0000309f      0x268 TimerPWM.o
 .debug_info    0x00003307      0x2a2 UART.o
 .debug_info    0x000035a9       0xdd c:/program files (x86)/atmel/atmel studio 6.0/extensions/atmel/avrgcc/3.4.1.95/avrtoolchain/bin/../lib/gcc/avr/4.6.2/avr5\libgcc.a(_udivmodsi4.o)
 .debug_info    0x00003686       0xdd c:/program files (x86)/atmel/atmel studio 6.0/extensions/atmel/avrgcc/3.4.1.95/avrtoolchain/bin/../lib/gcc/avr/4.6.2/avr5\libgcc.a(_exit.o)
 .debug_info    0x00003763       0xdd c:/program files (x86)/atmel/atmel studio 6.0/extensions/atmel/avrgcc/3.4.1.95/avrtoolchain/bin/../lib/gcc/avr/4.6.2/avr5\libgcc.a(_copy_data.o)
 .debug_info    0x00003840       0xdd c:/program files (x86)/atmel/atmel studio 6.0/extensions/atmel/avrgcc/3.4.1.95/avrtoolchain/bin/../lib/gcc/avr/4.6.2/avr5\libgcc.a(_clear_bss.o)
 *(.gnu.linkonce.wi.*)

.debug_abbrev   0x00000000      0xf6d
 *(.debug_abbrev)
 .debug_abbrev  0x00000000       0xaf ADC.o
 .debug_abbrev  0x000000af      0x117 DIO.o
 .debug_abbrev  0x000001c6       0xc4 EEPROM.o
 .debug_abbrev  0x0000028a      0x306 Function.o
 .debug_abbrev  0x00000590       0xdb I2C.o
 .debug_abbrev  0x0000066b      0x10c KEYPAD.o
 .debug_abbrev  0x00000777      0x1c2 LCD.o
 .debug_abbrev  0x00000939      0x1ad LCD4.o
 .debug_abbrev  0x00000ae6       0x7b led.o
 .debug_abbrev  0x00000b61       0xdc Slave.o
 .debug_abbrev  0x00000c3d       0xc4 SPI.o
 .debug_abbrev  0x00000d01       0x9e TIMER.o
 .debug_abbrev  0x00000d9f       0xaf TimerPWM.o
 .debug_abbrev  0x00000e4e       0xcf UART.o
 .debug_abbrev  0x00000f1d       0x14 c:/program files (x86)/atmel/atmel studio 6.0/extensions/atmel/avrgcc/3.4.1.95/avrtoolchain/bin/../lib/gcc/avr/4.6.2/avr5\libgcc.a(_udivmodsi4.o)
 .debug_abbrev  0x00000f31       0x14 c:/program files (x86)/atmel/atmel studio 6.0/extensions/atmel/avrgcc/3.4.1.95/avrtoolchain/bin/../lib/gcc/avr/4.6.2/avr5\libgcc.a(_exit.o)
 .debug_abbrev  0x00000f45       0x14 c:/program files (x86)/atmel/atmel studio 6.0/extensions/atmel/avrgcc/3.4.1.95/avrtoolchain/bin/../lib/gcc/avr/4.6.2/avr5\libgcc.a(_copy_data.o)
 .debug_abbrev  0x00000f59       0x14 c:/program files (x86)/atmel/atmel studio 6.0/extensions/atmel/avrgcc/3.4.1.95/avrtoolchain/bin/../lib/gcc/avr/4.6.2/avr5\libgcc.a(_clear_bss.o)

.debug_line     0x00000000     0x146b
 *(.debug_line)
 .debug_line    0x00000000      0x10a ADC.o
 .debug_line    0x0000010a      0x14c DIO.o
 .debug_line    0x00000256      0x103 EEPROM.o
 .debug_line    0x00000359      0x37a Function.o
 .debug_line    0x000006d3      0x146 I2C.o
 .debug_line    0x00000819       0x8b KEYPAD.o
 .debug_line    0x000008a4      0x1fb LCD.o
 .debug_line    0x00000a9f      0x206 LCD4.o
 .debug_line    0x00000ca5       0x42 led.o
 .debug_line    0x00000ce7      0x117 Slave.o
 .debug_line    0x00000dfe      0x10f SPI.o
 .debug_line    0x00000f0d      0x104 TIMER.o
 .debug_line    0x00001011      0x100 TimerPWM.o
 .debug_line    0x00001111      0x10b UART.o
 .debug_line    0x0000121c       0xa8 c:/program files (x86)/atmel/atmel studio 6.0/extensions/atmel/avrgcc/3.4.1.95/avrtoolchain/bin/../lib/gcc/avr/4.6.2/avr5\libgcc.a(_udivmodsi4.o)
 .debug_line    0x000012c4       0x88 c:/program files (x86)/atmel/atmel studio 6.0/extensions/atmel/avrgcc/3.4.1.95/avrtoolchain/bin/../lib/gcc/avr/4.6.2/avr5\libgcc.a(_exit.o)
 .debug_line    0x0000134c       0x91 c:/program files (x86)/atmel/atmel studio 6.0/extensions/atmel/avrgcc/3.4.1.95/avrtoolchain/bin/../lib/gcc/avr/4.6.2/avr5\libgcc.a(_copy_data.o)
 .debug_line    0x000013dd       0x8e c:/program files (x86)/atmel/atmel studio 6.0/extensions/atmel/avrgcc/3.4.1.95/avrtoolchain/bin/../lib/gcc/avr/4.6.2/avr5\libgcc.a(_clear_bss.o)

.debug_frame    0x00000000      0x9a0
 *(.debug_frame)
 .debug_frame   0x00000000       0x54 ADC.o
 .debug_frame   0x00000054       0x74 DIO.o
 .debug_frame   0x000000c8       0x34 EEPROM.o
 .debug_frame   0x000000fc      0x3e0 Function.o
 .debug_frame   0x000004dc       0xb0 I2C.o
 .debug_frame   0x0000058c       0x7c KEYPAD.o
 .debug_frame   0x00000608       0xd0 LCD.o
 .debug_frame   0x000006d8       0xe0 LCD4.o
 .debug_frame   0x000007b8       0x54 led.o
 .debug_frame   0x0000080c       0x94 Slave.o
 .debug_frame   0x000008a0       0x54 SPI.o
 .debug_frame   0x000008f4       0x34 TIMER.o
 .debug_frame   0x00000928       0x34 TimerPWM.o
 .debug_frame   0x0000095c       0x44 UART.o

.debug_str      0x00000000      0x836
 *(.debug_str)
 .debug_str     0x00000000      0x21f ADC.o
                                0x25f (size before relaxing)
 .debug_str     0x0000021f       0x78 DIO.o
                                0x283 (size before relaxing)
 .debug_str     0x00000297       0x38 EEPROM.o
                                0x248 (size before relaxing)
 .debug_str     0x000002cf      0x1fe Function.o
                                0x42a (size before relaxing)
 .debug_str     0x000004cd       0x87 I2C.o
                                0x297 (size before relaxing)
 .debug_str     0x00000554       0x4f KEYPAD.o
                                0x252 (size before relaxing)
 .debug_str     0x000005a3       0xd1 LCD.o
                                0x2ea (size before relaxing)
 .debug_str     0x00000674       0x70 LCD4.o
                                0x2f8 (size before relaxing)
 .debug_str     0x000006e4       0x32 led.o
                                0x12c (size before relaxing)
 .debug_str     0x00000716       0x3e Slave.o
                                0x249 (size before relaxing)
 .debug_str     0x00000754       0x41 SPI.o
                                0x251 (size before relaxing)
 .debug_str     0x00000795       0x2b TIMER.o
                                0x23f (size before relaxing)
 .debug_str     0x000007c0       0x33 TimerPWM.o
                                0x23e (size before relaxing)
 .debug_str     0x000007f3       0x43 UART.o
                                0x25d (size before relaxing)

.debug_loc      0x00000000     0x1986
 *(.debug_loc)
 .debug_loc     0x00000000       0xb2 ADC.o
 .debug_loc     0x000000b2      0x482 DIO.o
 .debug_loc     0x00000534       0x24 EEPROM.o
 .debug_loc     0x00000558      0xc97 Function.o
 .debug_loc     0x000011ef       0xb0 I2C.o
 .debug_loc     0x0000129f       0xf6 KEYPAD.o
 .debug_loc     0x00001395      0x1bf LCD.o
 .debug_loc     0x00001554      0x219 LCD4.o
 .debug_loc     0x0000176d       0x98 led.o
 .debug_loc     0x00001805      0x12d Slave.o
 .debug_loc     0x00001932       0x1e TimerPWM.o
 .debug_loc     0x00001950       0x36 UART.o

.debug_macinfo
 *(.debug_macinfo)
OUTPUT(Slave.elf elf32-avr)
LOAD linker stubs

.debug_ranges   0x00000000       0x18
 .debug_ranges  0x00000000       0x18 KEYPAD.o
